// Jest Snapshot v1, https://goo.gl/fbAQLP

exports[`the \`RatingInput\` component have the right structure 1`] = `
<RatingInput
  iconSize="small"
  maxRating={5}
>
  <Rating
    clearable="auto"
    maxRating={5}
    size="small"
  >
    <div
      className="ui small rating"
      onMouseLeave={[Function]}
      role="radiogroup"
    >
      <RatingIcon
        active={false}
        aria-checked={false}
        aria-posinset={1}
        aria-setsize={5}
        as="i"
        index={0}
        key="0"
        onClick={[Function]}
        onMouseEnter={[Function]}
        selected={false}
      >
        <i
          aria-checked={false}
          aria-posinset={1}
          aria-setsize={5}
          className="icon"
          onClick={[Function]}
          onKeyUp={[Function]}
          onMouseEnter={[Function]}
          role="radio"
          tabIndex={0}
        />
      </RatingIcon>
      <RatingIcon
        active={false}
        aria-checked={false}
        aria-posinset={2}
        aria-setsize={5}
        as="i"
        index={1}
        key="1"
        onClick={[Function]}
        onMouseEnter={[Function]}
        selected={false}
      >
        <i
          aria-checked={false}
          aria-posinset={2}
          aria-setsize={5}
          className="icon"
          onClick={[Function]}
          onKeyUp={[Function]}
          onMouseEnter={[Function]}
          role="radio"
          tabIndex={0}
        />
      </RatingIcon>
      <RatingIcon
        active={false}
        aria-checked={false}
        aria-posinset={3}
        aria-setsize={5}
        as="i"
        index={2}
        key="2"
        onClick={[Function]}
        onMouseEnter={[Function]}
        selected={false}
      >
        <i
          aria-checked={false}
          aria-posinset={3}
          aria-setsize={5}
          className="icon"
          onClick={[Function]}
          onKeyUp={[Function]}
          onMouseEnter={[Function]}
          role="radio"
          tabIndex={0}
        />
      </RatingIcon>
      <RatingIcon
        active={false}
        aria-checked={false}
        aria-posinset={4}
        aria-setsize={5}
        as="i"
        index={3}
        key="3"
        onClick={[Function]}
        onMouseEnter={[Function]}
        selected={false}
      >
        <i
          aria-checked={false}
          aria-posinset={4}
          aria-setsize={5}
          className="icon"
          onClick={[Function]}
          onKeyUp={[Function]}
          onMouseEnter={[Function]}
          role="radio"
          tabIndex={0}
        />
      </RatingIcon>
      <RatingIcon
        active={false}
        aria-checked={false}
        aria-posinset={5}
        aria-setsize={5}
        as="i"
        index={4}
        key="4"
        onClick={[Function]}
        onMouseEnter={[Function]}
        selected={false}
      >
        <i
          aria-checked={false}
          aria-posinset={5}
          aria-setsize={5}
          className="icon"
          onClick={[Function]}
          onKeyUp={[Function]}
          onMouseEnter={[Function]}
          role="radio"
          tabIndex={0}
        />
      </RatingIcon>
    </div>
  </Rating>
</RatingInput>
`;
