// Jest Snapshot v1, https://goo.gl/fbAQLP

exports[`<ShowOnDesktop /> it should render the right structure 1`] = `
<section
  className="you shall pass mobile-hidden"
>
  div
</section>
`;
